+ analyze_power_grid -net vdd -voltage_file /foss/designs/libs/snn_analog/macros/layer_output/runs/RUN_2026-08-28_00-33-16/51-openroad-irdropreport/net-vdd.csv
[INFO PSM-0040] All shapes on net vdd are connected.
########## IR report #################
Net              : vdd
Corner           : nom_tt_025C_5v00
Total power      : 0.00e+00 W
Supply voltage   : 5.00e+00 V
Worstcase voltage: 5.00e+00 V
Average voltage  : 5.00e+00 V
Average IR drop  : -4.70e-12 V
Worstcase IR drop: 4.90e-11 V
Percentage drop  : 0.00 %
######################################
+ analyze_power_grid -net VDD -voltage_file /foss/designs/libs/snn_analog/macros/layer_output/runs/RUN_2026-08-28_00-33-16/51-openroad-irdropreport/net-VDD.csv
[INFO PSM-0040] All shapes on net VDD are connected.
########## IR report #################
Net              : VDD
Corner           : nom_tt_025C_5v00
Total power      : 0.00e+00 W
Supply voltage   : 0.00e+00 V
Worstcase voltage: 0.00e+00 V
Average voltage  : 0.00e+00 V
Average IR drop  : 0.00e+00 V
Worstcase IR drop: 0.00e+00 V
Percentage drop  : 0.00 %
######################################
+ analyze_power_grid -net vss -voltage_file /foss/designs/libs/snn_analog/macros/layer_output/runs/RUN_2026-08-28_00-33-16/51-openroad-irdropreport/net-vss.csv
[INFO PSM-0040] All shapes on net vss are connected.
########## IR report #################
Net              : vss
Corner           : nom_tt_025C_5v00
Total power      : 0.00e+00 W
Supply voltage   : 0.00e+00 V
Worstcase voltage: 0.00e+00 V
Average voltage  : 0.00e+00 V
Average IR drop  : 0.00e+00 V
Worstcase IR drop: 0.00e+00 V
Percentage drop  : 0.00 %
######################################
+ analyze_power_grid -net VSS -voltage_file /foss/designs/libs/snn_analog/macros/layer_output/runs/RUN_2026-08-28_00-33-16/51-openroad-irdropreport/net-VSS.csv
[INFO PSM-0040] All shapes on net VSS are connected.
########## IR report #################
Net              : VSS
Corner           : nom_tt_025C_5v00
Total power      : 0.00e+00 W
Supply voltage   : 0.00e+00 V
Worstcase voltage: 0.00e+00 V
Average voltage  : 0.00e+00 V
Average IR drop  : 0.00e+00 V
Worstcase IR drop: 0.00e+00 V
Percentage drop  : 0.00 %
######################################
