
Cell neurona_lvs (0) disconnected node: vss
Cell neurona_lvs (0) disconnected node: vdd
Cell neurona_lvs (0) disconnected node: spike
Cell neurona_lvs (0) disconnected node: spike_neg
Cell neurona_lvs (0) disconnected node: Iin

Subcircuit pins:
Circuit 1: neurona_lvs                     |Circuit 2: neurona_lvs                     
-------------------------------------------|-------------------------------------------
vss                                        |vss                                        
vdd                                        |vdd                                        
spike                                      |spike                                      
spike_neg                                  |spike_neg                                  
Iin                                        |Iin                                        
---------------------------------------------------------------------------------------
Cell pin lists are equivalent.
Device classes neurona_lvs and neurona_lvs are equivalent.

Cell layer_input (1) disconnected node: vdd
Cell layer_input (1) disconnected node: vss
Subcircuit summary:
Circuit 1: layer_input                     |Circuit 2: layer_input                     
-------------------------------------------|-------------------------------------------
neurona_lvs (4)                            |neurona_lvs (4)                            
Number of devices: 4                       |Number of devices: 4                       
Number of nets: 14                         |Number of nets: 14                         
---------------------------------------------------------------------------------------
Resolving symmetries by property value.
Resolving symmetries by pin name.
Netlists match uniquely with port errors.

Subcircuit pins:
Circuit 1: layer_input                     |Circuit 2: layer_input                     
-------------------------------------------|-------------------------------------------
vout_4                                     |vout_4                                     
vout_3                                     |vout_3                                     
vout_2                                     |vout_2                                     
vout_1                                     |vout_1                                     
nvout_4                                    |nvout_4                                    
nvout_3                                    |nvout_3                                    
nvout_2                                    |nvout_2                                    
nvout_1                                    |nvout_1                                    
Iext4                                      |Iext4                                      
Iext3                                      |Iext3                                      
Iext2                                      |Iext2                                      
Iext1                                      |Iext1                                      
VSS                                        |VSS                                        
VDD                                        |VDD                                        
(no matching pin)                          |vdd                                        
(no matching pin)                          |vss                                        
---------------------------------------------------------------------------------------
Cell pin lists for layer_input and layer_input altered to match.
Device classes layer_input and layer_input are equivalent.

Final result: Top level cell failed pin matching.
