
Circuit 1 cell pfet_03v3 and Circuit 2 cell pfet_03v3 are black boxes.
Warning: Equate pins:  cell pfet_03v3 is a placeholder, treated as a black box.
Warning: Equate pins:  cell pfet_03v3 is a placeholder, treated as a black box.

Subcircuit pins:
Circuit 1: pfet_03v3                       |Circuit 2: pfet_03v3                       
-------------------------------------------|-------------------------------------------
1                                          |1                                          
2                                          |2                                          
3                                          |3                                          
4                                          |4                                          
---------------------------------------------------------------------------------------
Cell pin lists are equivalent.
Device classes pfet_03v3 and pfet_03v3 are equivalent.

Circuit 1 cell nfet_03v3 and Circuit 2 cell nfet_03v3 are black boxes.
Warning: Equate pins:  cell nfet_03v3 is a placeholder, treated as a black box.
Warning: Equate pins:  cell nfet_03v3 is a placeholder, treated as a black box.

Subcircuit pins:
Circuit 1: nfet_03v3                       |Circuit 2: nfet_03v3                       
-------------------------------------------|-------------------------------------------
1                                          |1                                          
2                                          |2                                          
3                                          |3                                          
4                                          |4                                          
---------------------------------------------------------------------------------------
Cell pin lists are equivalent.
Device classes nfet_03v3 and nfet_03v3 are equivalent.
Flattening unmatched subcell Unnamed_d4602240 in circuit encoder (0)(1 instance)
Flattening unmatched subcell Unnamed_c5099f02 in circuit encoder (0)(1 instance)
Flattening unmatched subcell Unnamed_fd0386fc in circuit encoder (0)(1 instance)
Flattening unmatched subcell Unnamed_c27ec396 in circuit encoder (0)(1 instance)
Flattening unmatched subcell Unnamed_233cfc9d in circuit encoder (0)(1 instance)
Flattening unmatched subcell Unnamed_89a7b3ce in circuit encoder (0)(1 instance)
Flattening unmatched subcell Unnamed_dffe4b58 in circuit encoder (0)(1 instance)
Flattening unmatched subcell Unnamed_399caab2 in circuit encoder (0)(1 instance)
Flattening unmatched subcell Unnamed_e60251ed in circuit encoder (0)(1 instance)
Flattening unmatched subcell Unnamed_57726a2b in circuit encoder (0)(1 instance)
Flattening unmatched subcell Unnamed_21c496cd in circuit encoder (0)(1 instance)

Class encoder (0):  Merged 2 parallel devices.
Subcircuit summary:
Circuit 1: encoder                         |Circuit 2: encoder                         
-------------------------------------------|-------------------------------------------
pfet_03v3 (7->5)                           |pfet_03v3 (7) **Mismatch**                 
nfet_03v3 (4)                              |nfet_03v3 (4)                              
Number of devices: 9 **Mismatch**          |Number of devices: 11 **Mismatch**         
Number of nets: 8 **Mismatch**             |Number of nets: 12 **Mismatch**            
---------------------------------------------------------------------------------------
NET mismatches: Class fragments follow (with fanout counts):
Circuit 1: encoder                         |Circuit 2: encoder                         

---------------------------------------------------------------------------------------
Net: lex_1_i                               |Net: x                                     
  pfet_03v3/(1|3) = 7                      |  nfet_03v3/(1|3) = 1                      
  pfet_03v3/4 = 5                          |  pfet_03v3/(1|3) = 1                      
                                           |  pfet_03v3/2 = 3                          
                                           |                                           
Net: Unnamed_57726a2b_0/a_28_n281#         |Net: y                                     
  pfet_03v3/2 = 2                          |  nfet_03v3/(1|3) = 1                      
  nfet_03v3/(1|3) = 1                      |  pfet_03v3/(1|3) = 1                      
  pfet_03v3/(1|3) = 1                      |  pfet_03v3/2 = 3                          
                                           |                                           
Net: Unnamed_233cfc9d_0/a_28_n281#         |Net: Iex_2_i                               
  nfet_03v3/(1|3) = 1                      |  pfet_03v3/(1|3) = 1                      
  pfet_03v3/(1|3) = 1                      |                                           
  pfet_03v3/2 = 2                          |                                           
                                           |                                           
(no matching net)                          |Net: Iex_3_i                               
                                           |  pfet_03v3/(1|3) = 1                      
                                           |                                           
(no matching net)                          |Net: Iex_4_i                               
                                           |  pfet_03v3/(1|3) = 1                      
                                           |                                           
(no matching net)                          |Net: Iex_1_i                               
                                           |  pfet_03v3/(1|3) = 1                      
                                           |                                           
(no matching net)                          |Net: Vdd                                   
                                           |  pfet_03v3/(1|3) = 7                      
                                           |  pfet_03v3/4 = 7                          
---------------------------------------------------------------------------------------
DEVICE mismatches: Class fragments follow (with node fanout counts):
Circuit 1: encoder                         |Circuit 2: encoder                         

---------------------------------------------------------------------------------------
Instance: Unnamed_d4602240_0/pfet_03v3:0   |Instance: pfet_03v3:m3                     
  (1,3) = (12,12)                          |  (1,3) = (14,5)                           
  2 = 4                                    |  2 = 5                                    
  4 = 12                                   |  4 = 14                                   
                                           |                                           
Instance: Unnamed_233cfc9d_0/pfet_03v3:0   |Instance: pfet_03v3:m4                     
  (1,3) = (12,4)                           |  (1,3) = (14,5)                           
  2 = 4                                    |  2 = 5                                    
  4 = 12                                   |  4 = 14                                   
                                           |                                           
Instance: Unnamed_dffe4b58_0/pfet_03v3:0   |Instance: pfet_03v3:m5                     
  (1,3) = (12,12)                          |  (1,3) = (14,1)                           
  2 = 4                                    |  2 = 5                                    
  4 = 12                                   |  4 = 14                                   
                                           |                                           
Instance: Unnamed_57726a2b_0/pfet_03v3:0   |Instance: pfet_03v3:m7                     
  (1,3) = (12,4)                           |  (1,3) = (14,1)                           
  2 = 4                                    |  2 = 5                                    
  4 = 12                                   |  4 = 14                                   
                                           |                                           
(no matching instance)                     |Instance: pfet_03v3:m6                     
                                           |  (1,3) = (14,1)                           
                                           |  2 = 5                                    
                                           |  4 = 14                                   
                                           |                                           
                                           |                                           
(no matching instance)                     |Instance: pfet_03v3:m8                     
                                           |  (1,3) = (14,1)                           
                                           |  2 = 5                                    
                                           |  4 = 14                                   
                                           |                                           
---------------------------------------------------------------------------------------
Netlists do not match.
Port matching may fail to disambiguate symmetries.

Subcircuit pins:
Circuit 1: encoder                         |Circuit 2: encoder                         
-------------------------------------------|-------------------------------------------
lex_1_i                                    |(no pin, node is x)                        
Vin_neg                                    |Vin **Mismatch**                           
Vin                                        |Vin_neg **Mismatch**                       
Vss                                        |Vss                                        
(no pin, node is Unnamed_233cfc9d_0/a_28_n |Vdd                                        
(no pin, node is Unnamed_233cfc9d_0/a_28_n |Iex_1_i                                    
(no pin, node is Unnamed_233cfc9d_0/a_28_n |Iex_2_i                                    
(no pin, node is Unnamed_233cfc9d_0/a_28_n |Iex_3_i                                    
(no pin, node is Unnamed_233cfc9d_0/a_28_n |Iex_4_i                                    
---------------------------------------------------------------------------------------
Cell pin lists for encoder and encoder altered to match.
Device classes encoder and encoder are equivalent.

Final result: Top level cell failed pin matching.
