
Circuit 1 cell pfet_03v3 and Circuit 2 cell pfet_03v3 are black boxes.
Warning: Equate pins:  cell pfet_03v3 is a placeholder, treated as a black box.
Warning: Equate pins:  cell pfet_03v3 is a placeholder, treated as a black box.

Subcircuit pins:
Circuit 1: pfet_03v3                       |Circuit 2: pfet_03v3                       
-------------------------------------------|-------------------------------------------
1                                          |1                                          
2                                          |2                                          
3                                          |3                                          
4                                          |4                                          
---------------------------------------------------------------------------------------
Cell pin lists are equivalent.
Device classes pfet_03v3 and pfet_03v3 are equivalent.

Circuit 1 cell nfet_03v3 and Circuit 2 cell nfet_03v3 are black boxes.
Warning: Equate pins:  cell nfet_03v3 is a placeholder, treated as a black box.
Warning: Equate pins:  cell nfet_03v3 is a placeholder, treated as a black box.

Subcircuit pins:
Circuit 1: nfet_03v3                       |Circuit 2: nfet_03v3                       
-------------------------------------------|-------------------------------------------
1                                          |1                                          
2                                          |2                                          
3                                          |3                                          
4                                          |4                                          
---------------------------------------------------------------------------------------
Cell pin lists are equivalent.
Device classes nfet_03v3 and nfet_03v3 are equivalent.
Flattening unmatched subcell Unnamed_bb253c64 in circuit encoder (0)(1 instance)
Flattening unmatched subcell Unnamed_ed072eb5 in circuit encoder (0)(1 instance)
Flattening unmatched subcell Unnamed_1e3e89db in circuit encoder (0)(1 instance)
Flattening unmatched subcell Unnamed_14bb2293 in circuit encoder (0)(1 instance)
Flattening unmatched subcell Unnamed_ad8d50f6 in circuit encoder (0)(1 instance)
Flattening unmatched subcell Unnamed_8ef117da in circuit encoder (0)(1 instance)
Flattening unmatched subcell Unnamed_db49c304 in circuit encoder (0)(1 instance)
Flattening unmatched subcell Unnamed_95ab62a7 in circuit encoder (0)(1 instance)
Flattening unmatched subcell Unnamed_114b5c9e in circuit encoder (0)(1 instance)
Flattening unmatched subcell Unnamed_1aab066e in circuit encoder (0)(1 instance)
Flattening unmatched subcell Unnamed_4b8cc3bf in circuit encoder (0)(1 instance)

Class encoder (0):  Merged 2 parallel devices.
Subcircuit summary:
Circuit 1: encoder                         |Circuit 2: encoder                         
-------------------------------------------|-------------------------------------------
pfet_03v3 (7->5)                           |pfet_03v3 (7) **Mismatch**                 
nfet_03v3 (4)                              |nfet_03v3 (4)                              
Number of devices: 9 **Mismatch**          |Number of devices: 11 **Mismatch**         
Number of nets: 12                         |Number of nets: 12                         
---------------------------------------------------------------------------------------
NET mismatches: Class fragments follow (with fanout counts):
Circuit 1: encoder                         |Circuit 2: encoder                         

---------------------------------------------------------------------------------------
Net: Unnamed_bb253c64_0/a_28_n281#         |Net: x                                     
  pfet_03v3/(1|3) = 1                      |  nfet_03v3/(1|3) = 1                      
  pfet_03v3/2 = 1                          |  pfet_03v3/(1|3) = 1                      
  nfet_03v3/(1|3) = 1                      |  pfet_03v3/2 = 3                          
                                           |                                           
Net: Unnamed_db49c304_0/a_28_n281#         |Net: y                                     
  pfet_03v3/(1|3) = 1                      |  nfet_03v3/(1|3) = 1                      
  pfet_03v3/2 = 1                          |  pfet_03v3/(1|3) = 1                      
  nfet_03v3/(1|3) = 1                      |  pfet_03v3/2 = 3                          
                                           |                                           
Net: Vdd                                   |Net: Vdd                                   
  pfet_03v3/(1|3) = 5                      |  pfet_03v3/(1|3) = 7                      
  pfet_03v3/4 = 5                          |  pfet_03v3/4 = 7                          
---------------------------------------------------------------------------------------

---------------------------------------------------------------------------------------
Net: Unnamed_4b8cc3bf_0/a_n186_n382#       |Net: Iex_1_i                               
  pfet_03v3/2 = 1                          |  pfet_03v3/(1|3) = 1                      
                                           |                                           
Net: Unnamed_ed072eb5_0/a_n186_n382#       |Net: Iex_4_i                               
  pfet_03v3/2 = 1                          |  pfet_03v3/(1|3) = 1                      
                                           |                                           
Net: Iex_3_i                               |Net: Iex_3_i                               
  pfet_03v3/(1|3) = 1                      |  pfet_03v3/(1|3) = 1                      
                                           |                                           
Net: Iex_2_i                               |Net: Iex_2_i                               
  pfet_03v3/(1|3) = 1                      |  pfet_03v3/(1|3) = 1                      
---------------------------------------------------------------------------------------
DEVICE mismatches: Class fragments follow (with node fanout counts):
Circuit 1: encoder                         |Circuit 2: encoder                         

---------------------------------------------------------------------------------------
Instance: Unnamed_ed072eb5_0/pfet_03v3:0   |Instance: pfet_03v3:M5                     
  (1,3) = (10,1)                           |  (1,3) = (14,1)                           
  2 = 1                                    |  2 = 5                                    
  4 = 10                                   |  4 = 14                                   
                                           |                                           
Instance: Unnamed_114b5c9e_0/pfet_03v3:0   |Instance: pfet_03v3:M7                     
  (1,3) = (10,1)                           |  (1,3) = (14,1)                           
  2 = 1                                    |  2 = 5                                    
  4 = 10                                   |  4 = 14                                   
                                           |                                           
(no matching instance)                     |Instance: pfet_03v3:M6                     
                                           |  (1,3) = (14,1)                           
                                           |  2 = 5                                    
                                           |  4 = 14                                   
                                           |                                           
                                           |                                           
(no matching instance)                     |Instance: pfet_03v3:M8                     
                                           |  (1,3) = (14,1)                           
                                           |  2 = 5                                    
                                           |  4 = 14                                   
                                           |                                           
---------------------------------------------------------------------------------------
Netlists do not match.
Port matching may fail to disambiguate symmetries.

Subcircuit pins:
Circuit 1: encoder                         |Circuit 2: encoder                         
-------------------------------------------|-------------------------------------------
Vdd                                        |Vdd                                        
Vss                                        |Vss                                        
(no pin, node is Vin)                      |Vin                                        
(no pin, node is Vin)                      |Vin_neg                                    
(no pin, node is Iex_3_i)                  |Iex_1_i                                    
(no pin, node is Iex_3_i)                  |Iex_2_i                                    
(no pin, node is Iex_3_i)                  |Iex_3_i                                    
(no pin, node is Iex_3_i)                  |Iex_4_i                                    
---------------------------------------------------------------------------------------
Cell pin lists for encoder and encoder altered to match.
Device classes encoder and encoder are equivalent.

Final result: Top level cell failed pin matching.
