
Circuit 1 cell pfet_03v3 and Circuit 2 cell pfet_03v3 are black boxes.
Warning: Equate pins:  cell pfet_03v3 is a placeholder, treated as a black box.
Warning: Equate pins:  cell pfet_03v3 is a placeholder, treated as a black box.

Subcircuit pins:
Circuit 1: pfet_03v3                       |Circuit 2: pfet_03v3                       
-------------------------------------------|-------------------------------------------
1                                          |1                                          
2                                          |2                                          
3                                          |3                                          
4                                          |4                                          
---------------------------------------------------------------------------------------
Cell pin lists are equivalent.
Device classes pfet_03v3 and pfet_03v3 are equivalent.

Circuit 1 cell nfet_03v3 and Circuit 2 cell nfet_03v3 are black boxes.
Warning: Equate pins:  cell nfet_03v3 is a placeholder, treated as a black box.
Warning: Equate pins:  cell nfet_03v3 is a placeholder, treated as a black box.

Subcircuit pins:
Circuit 1: nfet_03v3                       |Circuit 2: nfet_03v3                       
-------------------------------------------|-------------------------------------------
1                                          |1                                          
2                                          |2                                          
3                                          |3                                          
4                                          |4                                          
---------------------------------------------------------------------------------------
Cell pin lists are equivalent.
Device classes nfet_03v3 and nfet_03v3 are equivalent.

Circuit 1 cell cap_mim_2f0_m4m5_noshield and Circuit 2 cell cap_mim_2f0_m4m5_noshield are black boxes.
Warning: Equate pins:  cell cap_mim_2f0_m4m5_noshield is a placeholder, treated as a black box.
Warning: Equate pins:  cell cap_mim_2f0_m4m5_noshield is a placeholder, treated as a black box.

Subcircuit pins:
Circuit 1: cap_mim_2f0_m4m5_noshield       |Circuit 2: cap_mim_2f0_m4m5_noshield       
-------------------------------------------|-------------------------------------------
1                                          |1                                          
2                                          |2                                          
---------------------------------------------------------------------------------------
Cell pin lists are equivalent.
Device classes cap_mim_2f0_m4m5_noshield and cap_mim_2f0_m4m5_noshield are equivalent.

Subcircuit summary:
Circuit 1: xm5                             |Circuit 2: xm5                             
-------------------------------------------|-------------------------------------------
pfet_03v3 (1)                              |pfet_03v3 (1)                              
Number of devices: 1                       |Number of devices: 1                       
Number of nets: 4                          |Number of nets: 4                          
---------------------------------------------------------------------------------------
Resolving symmetries by property value.
Resolving symmetries by pin name.
Netlists match uniquely.

Subcircuit pins:
Circuit 1: xm5                             |Circuit 2: xm5                             
-------------------------------------------|-------------------------------------------
a_n1500_n339#                              |a_n1500_n339#                              
a_n1620_n131#                              |a_n1620_n131#                              
a_1500_n131#                               |a_1500_n131#                               
w_n1886_n560#                              |w_n1886_n560#                              
---------------------------------------------------------------------------------------
Cell pin lists are equivalent.
Device classes xm5 and xm5 are equivalent.

Subcircuit summary:
Circuit 1: xm3                             |Circuit 2: xm3                             
-------------------------------------------|-------------------------------------------
nfet_03v3 (1)                              |nfet_03v3 (1)                              
Number of devices: 1                       |Number of devices: 1                       
Number of nets: 4                          |Number of nets: 4                          
---------------------------------------------------------------------------------------
Resolving symmetries by property value.
Resolving symmetries by pin name.
Netlists match uniquely.

Subcircuit pins:
Circuit 1: xm3                             |Circuit 2: xm3                             
-------------------------------------------|-------------------------------------------
a_n63_n339#                                |a_n63_n339#                                
a_n183_n131#                               |a_n183_n131#                               
a_63_n131#                                 |a_63_n131#                                 
a_n393_n504#                               |a_n393_n504#                               
---------------------------------------------------------------------------------------
Cell pin lists are equivalent.
Device classes xm3 and xm3 are equivalent.

Subcircuit summary:
Circuit 1: xm1                             |Circuit 2: xm1                             
-------------------------------------------|-------------------------------------------
pfet_03v3 (1)                              |pfet_03v3 (1)                              
Number of devices: 1                       |Number of devices: 1                       
Number of nets: 4                          |Number of nets: 4                          
---------------------------------------------------------------------------------------
Resolving symmetries by property value.
Resolving symmetries by pin name.
Netlists match uniquely.

Subcircuit pins:
Circuit 1: xm1                             |Circuit 2: xm1                             
-------------------------------------------|-------------------------------------------
a_n63_n339#                                |a_n63_n339#                                
a_n183_n131#                               |a_n183_n131#                               
a_63_n131#                                 |a_63_n131#                                 
w_n449_n560#                               |w_n449_n560#                               
---------------------------------------------------------------------------------------
Cell pin lists are equivalent.
Device classes xm1 and xm1 are equivalent.

Subcircuit summary:
Circuit 1: xmcm_chain_4                    |Circuit 2: xmcm_chain_4                    
-------------------------------------------|-------------------------------------------
nfet_03v3 (1)                              |nfet_03v3 (1)                              
Number of devices: 1                       |Number of devices: 1                       
Number of nets: 4                          |Number of nets: 4                          
---------------------------------------------------------------------------------------
Resolving symmetries by property value.
Resolving symmetries by pin name.
Netlists match uniquely.

Subcircuit pins:
Circuit 1: xmcm_chain_4                    |Circuit 2: xmcm_chain_4                    
-------------------------------------------|-------------------------------------------
a_n1000_n339#                              |a_n1000_n339#                              
a_n1120_n131#                              |a_n1120_n131#                              
a_1000_n131#                               |a_1000_n131#                               
a_n1330_n504#                              |a_n1330_n504#                              
---------------------------------------------------------------------------------------
Cell pin lists are equivalent.
Device classes xmcm_chain_4 and xmcm_chain_4 are equivalent.

Class cpot (0):  Merged 1 parallel devices.
Class cpot (1):  Merged 1 parallel devices.
Subcircuit summary:
Circuit 1: cpot                            |Circuit 2: cpot                            
-------------------------------------------|-------------------------------------------
cap_mim_2f0_m4m5_noshield (2->1)           |cap_mim_2f0_m4m5_noshield (2->1)           
Number of devices: 1                       |Number of devices: 1                       
Number of nets: 2                          |Number of nets: 2                          
---------------------------------------------------------------------------------------
Netlists match uniquely.

Subcircuit pins:
Circuit 1: cpot                            |Circuit 2: cpot                            
-------------------------------------------|-------------------------------------------
m4_n500_n500#                              |m4_n500_n500#                              
m4_n700_n700#                              |m4_n700_n700#                              
---------------------------------------------------------------------------------------
Cell pin lists are equivalent.
Device classes cpot and cpot are equivalent.

Subcircuit summary:
Circuit 1: xm8                             |Circuit 2: xm8                             
-------------------------------------------|-------------------------------------------
pfet_03v3 (1)                              |pfet_03v3 (1)                              
Number of devices: 1                       |Number of devices: 1                       
Number of nets: 4                          |Number of nets: 4                          
---------------------------------------------------------------------------------------
Resolving symmetries by property value.
Resolving symmetries by pin name.
Netlists match uniquely.

Subcircuit pins:
Circuit 1: xm8                             |Circuit 2: xm8                             
-------------------------------------------|-------------------------------------------
a_n63_n339#                                |a_n63_n339#                                
a_n183_n131#                               |a_n183_n131#                               
a_63_n131#                                 |a_63_n131#                                 
w_n449_n560#                               |w_n449_n560#                               
---------------------------------------------------------------------------------------
Cell pin lists are equivalent.
Device classes xm8 and xm8 are equivalent.

Subcircuit summary:
Circuit 1: xmcm_chain_2                    |Circuit 2: xmcm_chain_2                    
-------------------------------------------|-------------------------------------------
nfet_03v3 (1)                              |nfet_03v3 (1)                              
Number of devices: 1                       |Number of devices: 1                       
Number of nets: 4                          |Number of nets: 4                          
---------------------------------------------------------------------------------------
Resolving symmetries by property value.
Resolving symmetries by pin name.
Netlists match uniquely.

Subcircuit pins:
Circuit 1: xmcm_chain_2                    |Circuit 2: xmcm_chain_2                    
-------------------------------------------|-------------------------------------------
a_n1000_n339#                              |a_n1000_n339#                              
a_n1120_n131#                              |a_n1120_n131#                              
a_1000_n131#                               |a_1000_n131#                               
a_n1330_n504#                              |a_n1330_n504#                              
---------------------------------------------------------------------------------------
Cell pin lists are equivalent.
Device classes xmcm_chain_2 and xmcm_chain_2 are equivalent.

Subcircuit summary:
Circuit 1: xm16                            |Circuit 2: xm16                            
-------------------------------------------|-------------------------------------------
pfet_03v3 (1)                              |pfet_03v3 (1)                              
Number of devices: 1                       |Number of devices: 1                       
Number of nets: 4                          |Number of nets: 4                          
---------------------------------------------------------------------------------------
Resolving symmetries by property value.
Resolving symmetries by pin name.
Netlists match uniquely.

Subcircuit pins:
Circuit 1: xm16                            |Circuit 2: xm16                            
-------------------------------------------|-------------------------------------------
a_n280_n1309#                              |a_n280_n1309#                              
a_n400_n1101#                              |a_n400_n1101#                              
a_280_n1101#                               |a_280_n1101#                               
w_n666_n1529#                              |w_n666_n1529#                              
---------------------------------------------------------------------------------------
Cell pin lists are equivalent.
Device classes xm16 and xm16 are equivalent.

Subcircuit summary:
Circuit 1: xmcm_chain_0                    |Circuit 2: xmcm_chain_0                    
-------------------------------------------|-------------------------------------------
nfet_03v3 (1)                              |nfet_03v3 (1)                              
Number of devices: 1                       |Number of devices: 1                       
Number of nets: 4                          |Number of nets: 4                          
---------------------------------------------------------------------------------------
Resolving symmetries by property value.
Resolving symmetries by pin name.
Netlists match uniquely.

Subcircuit pins:
Circuit 1: xmcm_chain_0                    |Circuit 2: xmcm_chain_0                    
-------------------------------------------|-------------------------------------------
a_n1000_n339#                              |a_n1000_n339#                              
a_n1120_n131#                              |a_n1120_n131#                              
a_1000_n131#                               |a_1000_n131#                               
a_n1330_n504#                              |a_n1330_n504#                              
---------------------------------------------------------------------------------------
Cell pin lists are equivalent.
Device classes xmcm_chain_0 and xmcm_chain_0 are equivalent.

Class cw (0):  Merged 9 parallel devices.
Class cw (1):  Merged 9 parallel devices.
Subcircuit summary:
Circuit 1: cw                              |Circuit 2: cw                              
-------------------------------------------|-------------------------------------------
cap_mim_2f0_m4m5_noshield (10->1)          |cap_mim_2f0_m4m5_noshield (10->1)          
Number of devices: 1                       |Number of devices: 1                       
Number of nets: 2                          |Number of nets: 2                          
---------------------------------------------------------------------------------------
Netlists match uniquely.

Subcircuit pins:
Circuit 1: cw                              |Circuit 2: cw                              
-------------------------------------------|-------------------------------------------
m4_n500_n500#                              |m4_n500_n500#                              
m4_n700_n700#                              |m4_n700_n700#                              
---------------------------------------------------------------------------------------
Cell pin lists are equivalent.
Device classes cw and cw are equivalent.

Subcircuit summary:
Circuit 1: xm4                             |Circuit 2: xm4                             
-------------------------------------------|-------------------------------------------
nfet_03v3 (1)                              |nfet_03v3 (1)                              
Number of devices: 1                       |Number of devices: 1                       
Number of nets: 4                          |Number of nets: 4                          
---------------------------------------------------------------------------------------
Resolving symmetries by property value.
Resolving symmetries by pin name.
Netlists match uniquely.

Subcircuit pins:
Circuit 1: xm4                             |Circuit 2: xm4                             
-------------------------------------------|-------------------------------------------
a_n63_n339#                                |a_n63_n339#                                
a_n183_n131#                               |a_n183_n131#                               
a_63_n131#                                 |a_63_n131#                                 
a_n393_n504#                               |a_n393_n504#                               
---------------------------------------------------------------------------------------
Cell pin lists are equivalent.
Device classes xm4 and xm4 are equivalent.

Subcircuit summary:
Circuit 1: xm12                            |Circuit 2: xm12                            
-------------------------------------------|-------------------------------------------
nfet_03v3 (1)                              |nfet_03v3 (1)                              
Number of devices: 1                       |Number of devices: 1                       
Number of nets: 4                          |Number of nets: 4                          
---------------------------------------------------------------------------------------
Resolving symmetries by property value.
Resolving symmetries by pin name.
Netlists match uniquely.

Subcircuit pins:
Circuit 1: xm12                            |Circuit 2: xm12                            
-------------------------------------------|-------------------------------------------
a_n63_n339#                                |a_n63_n339#                                
a_n183_n131#                               |a_n183_n131#                               
a_63_n131#                                 |a_63_n131#                                 
a_n393_n504#                               |a_n393_n504#                               
---------------------------------------------------------------------------------------
Cell pin lists are equivalent.
Device classes xm12 and xm12 are equivalent.

Subcircuit summary:
Circuit 1: xm2                             |Circuit 2: xm2                             
-------------------------------------------|-------------------------------------------
pfet_03v3 (1)                              |pfet_03v3 (1)                              
Number of devices: 1                       |Number of devices: 1                       
Number of nets: 4                          |Number of nets: 4                          
---------------------------------------------------------------------------------------
Resolving symmetries by property value.
Resolving symmetries by pin name.
Netlists match uniquely.

Subcircuit pins:
Circuit 1: xm2                             |Circuit 2: xm2                             
-------------------------------------------|-------------------------------------------
a_n63_n339#                                |a_n63_n339#                                
a_n183_n131#                               |a_n183_n131#                               
a_63_n131#                                 |a_63_n131#                                 
w_n449_n560#                               |w_n449_n560#                               
---------------------------------------------------------------------------------------
Cell pin lists are equivalent.
Device classes xm2 and xm2 are equivalent.

Class cdep (0):  Merged 1 parallel devices.
Class cdep (1):  Merged 1 parallel devices.
Subcircuit summary:
Circuit 1: cdep                            |Circuit 2: cdep                            
-------------------------------------------|-------------------------------------------
cap_mim_2f0_m4m5_noshield (2->1)           |cap_mim_2f0_m4m5_noshield (2->1)           
Number of devices: 1                       |Number of devices: 1                       
Number of nets: 2                          |Number of nets: 2                          
---------------------------------------------------------------------------------------
Netlists match uniquely.

Subcircuit pins:
Circuit 1: cdep                            |Circuit 2: cdep                            
-------------------------------------------|-------------------------------------------
m4_n500_n500#                              |m4_n500_n500#                              
m4_n700_n700#                              |m4_n700_n700#                              
---------------------------------------------------------------------------------------
Cell pin lists are equivalent.
Device classes cdep and cdep are equivalent.

Subcircuit summary:
Circuit 1: xmcm_1                          |Circuit 2: xmcm_1                          
-------------------------------------------|-------------------------------------------
nfet_03v3 (1)                              |nfet_03v3 (1)                              
Number of devices: 1                       |Number of devices: 1                       
Number of nets: 4                          |Number of nets: 4                          
---------------------------------------------------------------------------------------
Resolving symmetries by property value.
Resolving symmetries by pin name.
Netlists match uniquely.

Subcircuit pins:
Circuit 1: xmcm_1                          |Circuit 2: xmcm_1                          
-------------------------------------------|-------------------------------------------
a_n280_n350#                               |a_n280_n350#                               
a_n400_n141#                               |a_n400_n141#                               
a_280_n141#                                |a_280_n141#                                
a_n610_n515#                               |a_n610_n515#                               
---------------------------------------------------------------------------------------
Cell pin lists are equivalent.
Device classes xmcm_1 and xmcm_1 are equivalent.

Subcircuit summary:
Circuit 1: xm9                             |Circuit 2: xm9                             
-------------------------------------------|-------------------------------------------
nfet_03v3 (1)                              |nfet_03v3 (1)                              
Number of devices: 1                       |Number of devices: 1                       
Number of nets: 4                          |Number of nets: 4                          
---------------------------------------------------------------------------------------
Resolving symmetries by property value.
Resolving symmetries by pin name.
Netlists match uniquely.

Subcircuit pins:
Circuit 1: xm9                             |Circuit 2: xm9                             
-------------------------------------------|-------------------------------------------
a_n63_n339#                                |a_n63_n339#                                
a_n183_n131#                               |a_n183_n131#                               
a_63_n131#                                 |a_63_n131#                                 
a_n393_n504#                               |a_n393_n504#                               
---------------------------------------------------------------------------------------
Cell pin lists are equivalent.
Device classes xm9 and xm9 are equivalent.

Subcircuit summary:
Circuit 1: xmcm_chain_3                    |Circuit 2: xmcm_chain_3                    
-------------------------------------------|-------------------------------------------
nfet_03v3 (1)                              |nfet_03v3 (1)                              
Number of devices: 1                       |Number of devices: 1                       
Number of nets: 4                          |Number of nets: 4                          
---------------------------------------------------------------------------------------
Resolving symmetries by property value.
Resolving symmetries by pin name.
Netlists match uniquely.

Subcircuit pins:
Circuit 1: xmcm_chain_3                    |Circuit 2: xmcm_chain_3                    
-------------------------------------------|-------------------------------------------
a_n1000_n339#                              |a_n1000_n339#                              
a_n1120_n131#                              |a_n1120_n131#                              
a_1000_n131#                               |a_1000_n131#                               
a_n1330_n504#                              |a_n1330_n504#                              
---------------------------------------------------------------------------------------
Cell pin lists are equivalent.
Device classes xmcm_chain_3 and xmcm_chain_3 are equivalent.

Subcircuit summary:
Circuit 1: xm17                            |Circuit 2: xm17                            
-------------------------------------------|-------------------------------------------
pfet_03v3 (1)                              |pfet_03v3 (1)                              
Number of devices: 1                       |Number of devices: 1                       
Number of nets: 4                          |Number of nets: 4                          
---------------------------------------------------------------------------------------
Resolving symmetries by property value.
Resolving symmetries by pin name.
Netlists match uniquely.

Subcircuit pins:
Circuit 1: xm17                            |Circuit 2: xm17                            
-------------------------------------------|-------------------------------------------
a_n460_n339#                               |a_n460_n339#                               
a_n580_n131#                               |a_n580_n131#                               
a_460_n131#                                |a_460_n131#                                
w_n846_n560#                               |w_n846_n560#                               
---------------------------------------------------------------------------------------
Cell pin lists are equivalent.
Device classes xm17 and xm17 are equivalent.

Subcircuit summary:
Circuit 1: xm7                             |Circuit 2: xm7                             
-------------------------------------------|-------------------------------------------
pfet_03v3 (1)                              |pfet_03v3 (1)                              
Number of devices: 1                       |Number of devices: 1                       
Number of nets: 4                          |Number of nets: 4                          
---------------------------------------------------------------------------------------
Resolving symmetries by property value.
Resolving symmetries by pin name.
Netlists match uniquely.

Subcircuit pins:
Circuit 1: xm7                             |Circuit 2: xm7                             
-------------------------------------------|-------------------------------------------
a_n63_n339#                                |a_n63_n339#                                
a_n183_n131#                               |a_n183_n131#                               
a_63_n131#                                 |a_63_n131#                                 
w_n449_n560#                               |w_n449_n560#                               
---------------------------------------------------------------------------------------
Cell pin lists are equivalent.
Device classes xm7 and xm7 are equivalent.

Subcircuit summary:
Circuit 1: xmcm_chain_1                    |Circuit 2: xmcm_chain_1                    
-------------------------------------------|-------------------------------------------
nfet_03v3 (1)                              |nfet_03v3 (1)                              
Number of devices: 1                       |Number of devices: 1                       
Number of nets: 4                          |Number of nets: 4                          
---------------------------------------------------------------------------------------
Resolving symmetries by property value.
Resolving symmetries by pin name.
Netlists match uniquely.

Subcircuit pins:
Circuit 1: xmcm_chain_1                    |Circuit 2: xmcm_chain_1                    
-------------------------------------------|-------------------------------------------
a_n1000_n339#                              |a_n1000_n339#                              
a_n1120_n131#                              |a_n1120_n131#                              
a_1000_n131#                               |a_1000_n131#                               
a_n1330_n504#                              |a_n1330_n504#                              
---------------------------------------------------------------------------------------
Cell pin lists are equivalent.
Device classes xmcm_chain_1 and xmcm_chain_1 are equivalent.

Subcircuit summary:
Circuit 1: stdp                            |Circuit 2: stdp                            
-------------------------------------------|-------------------------------------------
xm5 (1)                                    |xm5 (1)                                    
xm3 (1)                                    |xm3 (1)                                    
xm1 (1)                                    |xm1 (1)                                    
xmcm_chain_4 (1)                           |xmcm_chain_4 (1)                           
cpot (1)                                   |cpot (1)                                   
xm8 (1)                                    |xm8 (1)                                    
xmcm_chain_2 (1)                           |xmcm_chain_2 (1)                           
xm16 (1)                                   |xm16 (1)                                   
xmcm_chain_0 (1)                           |xmcm_chain_0 (1)                           
cw (1)                                     |cw (1)                                     
xm4 (1)                                    |xm4 (1)                                    
xm12 (1)                                   |xm12 (1)                                   
xm2 (1)                                    |xm2 (1)                                    
cdep (1)                                   |cdep (1)                                   
xmcm_1 (1)                                 |xmcm_1 (1)                                 
xm9 (1)                                    |xm9 (1)                                    
xmcm_chain_3 (1)                           |xmcm_chain_3 (1)                           
xm17 (1)                                   |xm17 (1)                                   
xm7 (1)                                    |xm7 (1)                                    
xmcm_chain_1 (1)                           |xmcm_chain_1 (1)                           
Number of devices: 20                      |Number of devices: 20                      
Number of nets: 22                         |Number of nets: 22                         
---------------------------------------------------------------------------------------
Netlists match uniquely.

Subcircuit pins:
Circuit 1: stdp                            |Circuit 2: stdp                            
-------------------------------------------|-------------------------------------------
vb_itd                                     |vb_itd                                     
avss                                       |avss                                       
Iout                                       |Iout                                       
vpre                                       |vpre                                       
nvpre                                      |nvpre                                      
vb_idep                                    |vb_idep                                    
vpost                                      |vpost                                      
nvpost                                     |nvpost                                     
vb_pot                                     |vb_pot                                     
vb_itp                                     |vb_itp                                     
avdd                                       |avdd                                       
vw                                         |vw                                         
---------------------------------------------------------------------------------------
Cell pin lists are equivalent.
Device classes stdp and stdp are equivalent.

Final result: Circuits match uniquely.
.
