
Cell nfet_03v3 (1) disconnected node: drain
Cell nfet_03v3 (1) disconnected node: gate
Cell nfet_03v3 (1) disconnected node: source
Cell nfet_03v3 (1) disconnected node: bulk
Warning: Equate pins:  cell nfet_03v3 is a placeholder, treated as a black box.

Subcircuit pins:
Circuit 1: nfet_03v3                       |Circuit 2: nfet_03v3                       
-------------------------------------------|-------------------------------------------
(no matching pin)                          |drain                                      
(no matching pin)                          |drain                                      
(no matching pin)                          |gate                                       
(no matching pin)                          |gate                                       
(no matching pin)                          |source                                     
(no matching pin)                          |source                                     
(no matching pin)                          |bulk                                       
(no matching pin)                          |bulk                                       
1                                          |(no matching pin)                          
2                                          |(no matching pin)                          
3                                          |(no matching pin)                          
4                                          |(no matching pin)                          
---------------------------------------------------------------------------------------
Cell pin lists are equivalent.
Device classes nfet_03v3 and nfet_03v3 are equivalent.

Cell pfet_03v3 (1) disconnected node: drain
Cell pfet_03v3 (1) disconnected node: gate
Cell pfet_03v3 (1) disconnected node: source
Cell pfet_03v3 (1) disconnected node: bulk
Warning: Equate pins:  cell pfet_03v3 is a placeholder, treated as a black box.

Subcircuit pins:
Circuit 1: pfet_03v3                       |Circuit 2: pfet_03v3                       
-------------------------------------------|-------------------------------------------
(no matching pin)                          |drain                                      
(no matching pin)                          |drain                                      
(no matching pin)                          |gate                                       
(no matching pin)                          |gate                                       
(no matching pin)                          |source                                     
(no matching pin)                          |source                                     
(no matching pin)                          |bulk                                       
(no matching pin)                          |bulk                                       
1                                          |(no matching pin)                          
2                                          |(no matching pin)                          
3                                          |(no matching pin)                          
4                                          |(no matching pin)                          
---------------------------------------------------------------------------------------
Cell pin lists are equivalent.
Device classes pfet_03v3 and pfet_03v3 are equivalent.
Flattening unmatched subcell m1 in circuit current_mirror (0)(1 instance)
Flattening unmatched subcell m4 in circuit current_mirror (0)(1 instance)
Flattening unmatched subcell m2 in circuit current_mirror (0)(1 instance)
Flattening unmatched subcell m3 in circuit current_mirror (0)(1 instance)

Subcircuit summary:
Circuit 1: current_mirror                  |Circuit 2: current_mirror                  
-------------------------------------------|-------------------------------------------
nfet_03v3 (2)                              |nfet_03v3 (2)                              
pfet_03v3 (2)                              |pfet_03v3 (2)                              
Number of devices: 4                       |Number of devices: 4                       
Number of nets: 20                         |Number of nets: 20                         
---------------------------------------------------------------------------------------
NET mismatches: Class fragments follow (with fanout counts):
Circuit 1: current_mirror                  |Circuit 2: current_mirror                  

---------------------------------------------------------------------------------------
Net: /m3_0/dummy_8                         |Net: dummy_20                              
  pfet_03v3/proxybulk = 1                  |  pfet_03v3/proxy4 = 1                     
                                           |                                           
Net: /m3_0/dummy_7                         |Net: dummy_19                              
  pfet_03v3/proxysource = 1                |  pfet_03v3/proxy3 = 1                     
                                           |                                           
Net: /m3_0/dummy_6                         |Net: dummy_18                              
  pfet_03v3/proxygate = 1                  |  pfet_03v3/proxy2 = 1                     
                                           |                                           
Net: /m3_0/dummy_5                         |Net: dummy_17                              
  pfet_03v3/proxydrain = 1                 |  pfet_03v3/proxy1 = 1                     
                                           |                                           
Net: /m2_0/dummy_8                         |Net: dummy_16                              
  nfet_03v3/proxybulk = 1                  |  pfet_03v3/proxy4 = 1                     
                                           |                                           
Net: /m2_0/dummy_7                         |Net: dummy_15                              
  nfet_03v3/proxysource = 1                |  pfet_03v3/proxy3 = 1                     
                                           |                                           
Net: /m2_0/dummy_6                         |Net: dummy_14                              
  nfet_03v3/proxygate = 1                  |  pfet_03v3/proxy2 = 1                     
                                           |                                           
Net: /m2_0/dummy_5                         |Net: dummy_13                              
  nfet_03v3/proxydrain = 1                 |  pfet_03v3/proxy1 = 1                     
                                           |                                           
Net: /m4_0/dummy_8                         |Net: dummy_12                              
  pfet_03v3/proxybulk = 1                  |  nfet_03v3/proxy4 = 1                     
                                           |                                           
Net: /m4_0/dummy_7                         |Net: dummy_11                              
  pfet_03v3/proxysource = 1                |  nfet_03v3/proxy3 = 1                     
                                           |                                           
Net: /m4_0/dummy_6                         |Net: dummy_10                              
  pfet_03v3/proxygate = 1                  |  nfet_03v3/proxy2 = 1                     
                                           |                                           
Net: /m4_0/dummy_5                         |Net: dummy_9                               
  pfet_03v3/proxydrain = 1                 |  nfet_03v3/proxy1 = 1                     
                                           |                                           
Net: /m1_0/dummy_8                         |Net: dummy_8                               
  nfet_03v3/proxybulk = 1                  |  nfet_03v3/proxy4 = 1                     
                                           |                                           
Net: /m1_0/dummy_7                         |Net: dummy_7                               
  nfet_03v3/proxysource = 1                |  nfet_03v3/proxy3 = 1                     
                                           |                                           
Net: /m1_0/dummy_6                         |Net: dummy_6                               
  nfet_03v3/proxygate = 1                  |  nfet_03v3/proxy2 = 1                     
                                           |                                           
Net: /m1_0/dummy_5                         |Net: dummy_5                               
  nfet_03v3/proxydrain = 1                 |  nfet_03v3/proxy1 = 1                     
---------------------------------------------------------------------------------------

---------------------------------------------------------------------------------------
Net: B                                     |Net: B                                     
  nfet_03v3/(1|3) = 1                      |  nfet_03v3/(drain|source) = 1             
  pfet_03v3/(1|3) = 1                      |  pfet_03v3/(drain|source) = 1             
  pfet_03v3/2 = 1                          |  pfet_03v3/gate = 1                       
---------------------------------------------------------------------------------------

---------------------------------------------------------------------------------------
Net: avdd                                  |Net: avdd                                  
  pfet_03v3/(1|3) = 2                      |  pfet_03v3/(drain|source) = 2             
  pfet_03v3/4 = 2                          |  pfet_03v3/bulk = 2                       
                                           |                                           
Net: avss                                  |Net: avss                                  
  nfet_03v3/(1|3) = 2                      |  nfet_03v3/(drain|source) = 2             
  nfet_03v3/4 = 2                          |  nfet_03v3/bulk = 2                       
---------------------------------------------------------------------------------------

---------------------------------------------------------------------------------------
Net: A                                     |Net: A                                     
  nfet_03v3/(1|3) = 1                      |  nfet_03v3/(drain|source) = 1             
  nfet_03v3/2 = 2                          |  nfet_03v3/gate = 2                       
  pfet_03v3/(1|3) = 1                      |  pfet_03v3/(drain|source) = 1             
  pfet_03v3/2 = 1                          |  pfet_03v3/gate = 1                       
---------------------------------------------------------------------------------------
DEVICE mismatches: Class fragments follow (with node fanout counts):
Circuit 1: current_mirror                  |Circuit 2: current_mirror                  

---------------------------------------------------------------------------------------
Instance: m3_0/pfet_03v3:0                 |Instance: pfet_03v3:4                      
  (1,3) = (4,3)                            |  proxy1 = 1                               
  2 = 3                                    |  proxy2 = 1                               
  4 = 4                                    |  proxy3 = 1                               
  proxydrain = 1                           |  proxy4 = 1                               
  proxygate = 1                            |  (drain,source) = (5,4)                   
  proxysource = 1                          |  gate = 5                                 
  proxybulk = 1                            |  bulk = 4                                 
                                           |                                           
Instance: m4_0/pfet_03v3:0                 |Instance: pfet_03v3:3                      
  (1,3) = (5,4)                            |  proxy1 = 1                               
  2 = 5                                    |  proxy2 = 1                               
  4 = 4                                    |  proxy3 = 1                               
  proxydrain = 1                           |  proxy4 = 1                               
  proxygate = 1                            |  (drain,source) = (4,3)                   
  proxysource = 1                          |  gate = 3                                 
  proxybulk = 1                            |  bulk = 4                                 
---------------------------------------------------------------------------------------

---------------------------------------------------------------------------------------
Instance: m2_0/nfet_03v3:0                 |Instance: nfet_03v3:2                      
  (1,3) = (4,3)                            |  proxy1 = 1                               
  2 = 5                                    |  proxy2 = 1                               
  4 = 4                                    |  proxy3 = 1                               
  proxydrain = 1                           |  proxy4 = 1                               
  proxygate = 1                            |  (drain,source) = (4,3)                   
  proxysource = 1                          |  gate = 5                                 
  proxybulk = 1                            |  bulk = 4                                 
                                           |                                           
Instance: m1_0/nfet_03v3:0                 |Instance: nfet_03v3:1                      
  (1,3) = (5,4)                            |  proxy1 = 1                               
  2 = 5                                    |  proxy2 = 1                               
  4 = 4                                    |  proxy3 = 1                               
  proxydrain = 1                           |  proxy4 = 1                               
  proxygate = 1                            |  (drain,source) = (5,4)                   
  proxysource = 1                          |  gate = 5                                 
  proxybulk = 1                            |  bulk = 4                                 
---------------------------------------------------------------------------------------
Netlists do not match.
Port matching may fail to disambiguate symmetries.

Subcircuit pins:
Circuit 1: current_mirror                  |Circuit 2: current_mirror                  
-------------------------------------------|-------------------------------------------
B                                          |B                                          
avdd                                       |avdd                                       
avss                                       |avss                                       
A                                          |A                                          
---------------------------------------------------------------------------------------
Cell pin lists are equivalent.
Device classes current_mirror and current_mirror are equivalent.

Final result: Netlists do not match.
Port matching may fail to disambiguate symmetries.
