
===========================================================================
report_checks -unconstrained
===========================================================================
======================= nom_tt_025C_5v00 Corner ===================================

Startpoint: vdd (input port clocked by __VIRTUAL_CLK__)
Endpoint: x1/vdd (internal pin)
Path Group: unconstrained
Path Type: max

Fanout         Cap        Slew       Delay        Time   Description
---------------------------------------------------------------------------------------------
                                  2.000000    2.000000 ^ input external delay
     2    0.072910    1.254827    0.682982    2.682982 ^ vdd (inout)
                                                         vdd (net)
                      0.941120    0.000000    2.682982 ^ x1/vdd (neurona_lvs)
                                              2.682982   data arrival time
---------------------------------------------------------------------------------------------
(Path is unconstrained)




===========================================================================
report_checks --slack_max -0.01
============================================================================
======================= nom_tt_025C_5v00 Corner ===================================

No paths found.


===========================================================================
 report_check_types -max_slew -max_cap -max_fanout -violators
============================================================================
======================= nom_tt_025C_5v00 Corner ===================================



===========================================================================
report_parasitic_annotation -report_unannotated
============================================================================
Found 12 unannotated drivers.
 Iext1
 Iext2
 vdd
 vss
 x1/spike
 x1/spike_neg
 x1/vdd
 x1/vss
 x2/spike
 x2/spike_neg
 x2/vdd
 x2/vss
Found 0 partially unannotated drivers.

===========================================================================
max slew violation count 0
max fanout violation count 0
max cap violation count 0
============================================================================

===========================================================================
check_setup -verbose -unconstrained_endpoints -multiple_clock -no_clock -no_input_delay -loops -generated_clocks
===========================================================================
Warning: There are 6 unconstrained endpoints.
  nvout_1
  nvout_2
  vdd
  vout_1
  vout_2
  vss
