
===========================================================================
report_checks -unconstrained
===========================================================================
======================= nom_ss_125C_4v50 Corner ===================================

Startpoint: vdd (input port clocked by __VIRTUAL_CLK__)
Endpoint: x1/vdd (internal pin)
Path Group: unconstrained
Path Type: max

Fanout         Cap        Slew       Delay        Time   Description
---------------------------------------------------------------------------------------------
                                  2.000000    2.000000 ^ input external delay
     4    0.072910    2.132070    1.139228    3.139229 ^ vdd (inout)
                                                         vdd (net)
                      1.599052    0.000000    3.139229 ^ x1/vdd (neurona_lvs)
                                              3.139229   data arrival time
---------------------------------------------------------------------------------------------
(Path is unconstrained)




===========================================================================
report_checks --slack_max -0.01
============================================================================
======================= nom_ss_125C_4v50 Corner ===================================

No paths found.


===========================================================================
 report_check_types -max_slew -max_cap -max_fanout -violators
============================================================================
======================= nom_ss_125C_4v50 Corner ===================================



===========================================================================
report_parasitic_annotation -report_unannotated
============================================================================
Found 22 unannotated drivers.
 Iext1
 Iext2
 Iext3
 Iext4
 vdd
 vss
 x1/spike
 x1/spike_neg
 x1/vdd
 x1/vss
 x2/spike
 x2/spike_neg
 x2/vdd
 x2/vss
 x3/spike
 x3/spike_neg
 x3/vdd
 x3/vss
 x4/spike
 x4/spike_neg
 x4/vdd
 x4/vss
Found 0 partially unannotated drivers.

===========================================================================
max slew violation count 0
max fanout violation count 0
max cap violation count 0
============================================================================

===========================================================================
check_setup -verbose -unconstrained_endpoints -multiple_clock -no_clock -no_input_delay -loops -generated_clocks
===========================================================================
Warning: There are 10 unconstrained endpoints.
  nvout_1
  nvout_2
  nvout_3
  nvout_4
  vdd
  vout_1
  vout_2
  vout_3
  vout_4
  vss
