
Cell nfet_03v3 (1) disconnected node: drain
Cell nfet_03v3 (1) disconnected node: gate
Cell nfet_03v3 (1) disconnected node: source
Cell nfet_03v3 (1) disconnected node: bulk
Warning: Equate pins:  cell nfet_03v3 is a placeholder, treated as a black box.

Subcircuit pins:
Circuit 1: nfet_03v3                       |Circuit 2: nfet_03v3                       
-------------------------------------------|-------------------------------------------
(no matching pin)                          |drain                                      
(no matching pin)                          |drain                                      
(no matching pin)                          |gate                                       
(no matching pin)                          |gate                                       
(no matching pin)                          |source                                     
(no matching pin)                          |source                                     
(no matching pin)                          |bulk                                       
(no matching pin)                          |bulk                                       
1                                          |(no matching pin)                          
2                                          |(no matching pin)                          
3                                          |(no matching pin)                          
4                                          |(no matching pin)                          
---------------------------------------------------------------------------------------
Cell pin lists are equivalent.
Device classes nfet_03v3 and nfet_03v3 are equivalent.

Cell pfet_03v3 (1) disconnected node: drain
Cell pfet_03v3 (1) disconnected node: gate
Cell pfet_03v3 (1) disconnected node: source
Cell pfet_03v3 (1) disconnected node: bulk
Warning: Equate pins:  cell pfet_03v3 is a placeholder, treated as a black box.

Subcircuit pins:
Circuit 1: pfet_03v3                       |Circuit 2: pfet_03v3                       
-------------------------------------------|-------------------------------------------
(no matching pin)                          |drain                                      
(no matching pin)                          |drain                                      
(no matching pin)                          |gate                                       
(no matching pin)                          |gate                                       
(no matching pin)                          |source                                     
(no matching pin)                          |source                                     
(no matching pin)                          |bulk                                       
(no matching pin)                          |bulk                                       
1                                          |(no matching pin)                          
2                                          |(no matching pin)                          
3                                          |(no matching pin)                          
4                                          |(no matching pin)                          
---------------------------------------------------------------------------------------
Cell pin lists are equivalent.
Device classes pfet_03v3 and pfet_03v3 are equivalent.

Circuit 1 cell cap_mim_2f0_m4m5_noshield and Circuit 2 cell cap_mim_2f0fF are black boxes.
Warning: Equate pins:  cell cap_mim_2f0_m4m5_noshield is a placeholder, treated as a black box.
Warning: Equate pins:  cell cap_mim_2f0fF is a placeholder, treated as a black box.

Subcircuit pins:
Circuit 1: cap_mim_2f0_m4m5_noshield       |Circuit 2: cap_mim_2f0fF                   
-------------------------------------------|-------------------------------------------
1                                          |1                                          
2                                          |2                                          
---------------------------------------------------------------------------------------
Cell pin lists are equivalent.
Device classes cap_mim_2f0_m4m5_noshield and cap_mim_2f0fF are equivalent.
Flattening unmatched subcell nfet_03v3_CTT5VY in circuit opamp (0)(2 instances)
Flattening unmatched subcell pfet_03v3_5MDBD5 in circuit opamp (0)(2 instances)
Flattening unmatched subcell nfet_03v3_JWTLTL in circuit opamp (0)(2 instances)
Flattening unmatched subcell pfet_03v3_U949MW in circuit opamp (0)(1 instance)
Flattening unmatched subcell nfet_03v3_HVW9XU in circuit opamp (0)(1 instance)
Flattening unmatched subcell cap_mim_2p0fF_LVJL5F in circuit opamp (0)(1 instance)
Flattening unmatched subcell pfet_03v3_9TRV9F in circuit opamp (0)(1 instance)

Class opamp (0):  Merged 5 parallel devices.
Subcircuit summary:
Circuit 1: opamp                           |Circuit 2: opamp                           
-------------------------------------------|-------------------------------------------
nfet_03v3 (5)                              |nfet_03v3 (5)                              
pfet_03v3 (9->4)                           |pfet_03v3 (4)                              
cap_mim_2f0_m4m5_noshield (1)              |cap_mim_2f0fF (1)                          
Number of devices: 10                      |Number of devices: 10                      
Number of nets: 45                         |Number of nets: 45                         
---------------------------------------------------------------------------------------
NET mismatches: Class fragments follow (with fanout counts):
Circuit 1: opamp                           |Circuit 2: opamp                           

---------------------------------------------------------------------------------------
Net: vb                                    |Net: vb                                    
  nfet_03v3/2 = 3                          |  nfet_03v3/gate = 3                       
  nfet_03v3/(1|3) = 1                      |  nfet_03v3/(drain|source) = 1             
  pfet_03v3/2 = 1                          |  pfet_03v3/(drain|source) = 1             
  pfet_03v3/(1|3) = 1                      |  pfet_03v3/gate = 1                       
---------------------------------------------------------------------------------------

---------------------------------------------------------------------------------------
Net: x                                     |Net: x                                     
  nfet_03v3/(1|3) = 1                      |  nfet_03v3/(drain|source) = 1             
  pfet_03v3/(1|3) = 1                      |  pfet_03v3/(drain|source) = 1             
  pfet_03v3/2 = 1                          |  pfet_03v3/gate = 1                       
  cap_mim_2f0_m4m5_noshield/1 = 1          |  cap_mim_2f0fF/1 = 1                      
                                           |                                           
Net: y                                     |Net: y                                     
  nfet_03v3/(1|3) = 1                      |  nfet_03v3/(drain|source) = 1             
  pfet_03v3/2 = 2                          |  pfet_03v3/(drain|source) = 1             
  pfet_03v3/(1|3) = 1                      |  pfet_03v3/gate = 2                       
---------------------------------------------------------------------------------------

---------------------------------------------------------------------------------------
Net: avdd                                  |Net: avdd                                  
  pfet_03v3/(1|3) = 4                      |  pfet_03v3/(drain|source) = 4             
  pfet_03v3/4 = 4                          |  pfet_03v3/bulk = 4                       
                                           |                                           
Net: avss                                  |Net: avss                                  
  nfet_03v3/4 = 5                          |  nfet_03v3/bulk = 5                       
  nfet_03v3/(1|3) = 3                      |  nfet_03v3/(drain|source) = 3             
---------------------------------------------------------------------------------------

---------------------------------------------------------------------------------------
Net: vout                                  |Net: vout                                  
  pfet_03v3/(1|3) = 1                      |  pfet_03v3/(drain|source) = 1             
  nfet_03v3/(1|3) = 1                      |  nfet_03v3/(drain|source) = 1             
  cap_mim_2f0_m4m5_noshield/2 = 1          |  cap_mim_2f0fF/2 = 1                      
                                           |                                           
Net: p                                     |Net: net1                                  
  nfet_03v3/(1|3) = 3                      |  nfet_03v3/(drain|source) = 3             
---------------------------------------------------------------------------------------

---------------------------------------------------------------------------------------
Net: pfet_03v3_9TRV9F:M9/dummy_8           |Net: dummy_45                              
  pfet_03v3/proxybulk = 1                  |  pfet_03v3/proxy4 = 1                     
                                           |                                           
Net: pfet_03v3_9TRV9F:M9/dummy_7           |Net: dummy_44                              
  pfet_03v3/proxysource = 1                |  pfet_03v3/proxy3 = 1                     
                                           |                                           
Net: pfet_03v3_9TRV9F:M9/dummy_6           |Net: dummy_43                              
  pfet_03v3/proxygate = 1                  |  pfet_03v3/proxy2 = 1                     
                                           |                                           
Net: pfet_03v3_9TRV9F:M9/dummy_5           |Net: dummy_42                              
  pfet_03v3/proxydrain = 1                 |  pfet_03v3/proxy1 = 1                     
                                           |                                           
Net: nfet_03v3_HVW9XU:M7/dummy_8           |Net: dummy_41                              
  nfet_03v3/proxybulk = 1                  |  pfet_03v3/proxy4 = 1                     
                                           |                                           
Net: nfet_03v3_JWTLTL:M5/dummy_8           |Net: dummy_40                              
  nfet_03v3/proxybulk = 1                  |  pfet_03v3/proxy3 = 1                     
                                           |                                           
Net: nfet_03v3_HVW9XU:M7/dummy_7           |Net: dummy_39                              
  nfet_03v3/proxysource = 1                |  pfet_03v3/proxy2 = 1                     
                                           |                                           
Net: nfet_03v3_JWTLTL:M5/dummy_7           |Net: dummy_38                              
  nfet_03v3/proxysource = 1                |  pfet_03v3/proxy1 = 1                     
                                           |                                           
Net: nfet_03v3_HVW9XU:M7/dummy_6           |Net: dummy_37                              
  nfet_03v3/proxygate = 1                  |  pfet_03v3/proxy4 = 1                     
                                           |                                           
Net: nfet_03v3_JWTLTL:M5/dummy_6           |Net: dummy_33                              
  nfet_03v3/proxygate = 1                  |  pfet_03v3/proxy4 = 1                     
                                           |                                           
Net: nfet_03v3_HVW9XU:M7/dummy_5           |Net: dummy_36                              
  nfet_03v3/proxydrain = 1                 |  pfet_03v3/proxy3 = 1                     
                                           |                                           
Net: nfet_03v3_JWTLTL:M5/dummy_5           |Net: dummy_32                              
  nfet_03v3/proxydrain = 1                 |  pfet_03v3/proxy3 = 1                     
                                           |                                           
Net: pfet_03v3_U949MW:M6/dummy_18          |Net: dummy_35                              
  pfet_03v3/proxybulk = 1                  |  pfet_03v3/proxy2 = 1                     
                                           |                                           
Net: pfet_03v3_U949MW:M6/dummy_17          |Net: dummy_31                              
  pfet_03v3/proxysource = 1                |  pfet_03v3/proxy2 = 1                     
                                           |                                           
Net: pfet_03v3_U949MW:M6/dummy_16          |Net: dummy_34                              
  pfet_03v3/proxygate = 1                  |  pfet_03v3/proxy1 = 1                     
                                           |                                           
Net: pfet_03v3_U949MW:M6/dummy_15          |Net: dummy_30                              
  pfet_03v3/proxydrain = 1                 |  pfet_03v3/proxy1 = 1                     
                                           |                                           
Net: nfet_03v3_JWTLTL:M8/dummy_8           |Net: dummy_29                              
  nfet_03v3/proxybulk = 1                  |  nfet_03v3/proxy4 = 1                     
                                           |                                           
Net: nfet_03v3_JWTLTL:M8/dummy_7           |Net: dummy_28                              
  nfet_03v3/proxysource = 1                |  nfet_03v3/proxy3 = 1                     
                                           |                                           
Net: nfet_03v3_JWTLTL:M8/dummy_6           |Net: dummy_27                              
  nfet_03v3/proxygate = 1                  |  nfet_03v3/proxy2 = 1                     
                                           |                                           
Net: nfet_03v3_JWTLTL:M8/dummy_5           |Net: dummy_26                              
  nfet_03v3/proxydrain = 1                 |  nfet_03v3/proxy1 = 1                     
                                           |                                           
Net: pfet_03v3_5MDBD5:M4/dummy_8           |Net: dummy_25                              
  pfet_03v3/proxybulk = 1                  |  nfet_03v3/proxy4 = 1                     
                                           |                                           
Net: pfet_03v3_5MDBD5:M3/dummy_8           |Net: dummy_21                              
  pfet_03v3/proxybulk = 1                  |  nfet_03v3/proxy4 = 1                     
                                           |                                           
Net: pfet_03v3_5MDBD5:M4/dummy_7           |Net: dummy_24                              
  pfet_03v3/proxysource = 1                |  nfet_03v3/proxy3 = 1                     
                                           |                                           
Net: pfet_03v3_5MDBD5:M3/dummy_7           |Net: dummy_20                              
  pfet_03v3/proxysource = 1                |  nfet_03v3/proxy3 = 1                     
                                           |                                           
Net: pfet_03v3_5MDBD5:M4/dummy_6           |Net: dummy_23                              
  pfet_03v3/proxygate = 1                  |  nfet_03v3/proxy2 = 1                     
                                           |                                           
Net: pfet_03v3_5MDBD5:M3/dummy_6           |Net: dummy_19                              
  pfet_03v3/proxygate = 1                  |  nfet_03v3/proxy2 = 1                     
                                           |                                           
Net: pfet_03v3_5MDBD5:M4/dummy_5           |Net: dummy_22                              
  pfet_03v3/proxydrain = 1                 |  nfet_03v3/proxy1 = 1                     
                                           |                                           
Net: pfet_03v3_5MDBD5:M3/dummy_5           |Net: dummy_18                              
  pfet_03v3/proxydrain = 1                 |  nfet_03v3/proxy1 = 1                     
                                           |                                           
Net: nfet_03v3_CTT5VY:M2/dummy_8           |Net: dummy_17                              
  nfet_03v3/proxybulk = 1                  |  nfet_03v3/proxy4 = 1                     
                                           |                                           
Net: nfet_03v3_CTT5VY:M1/dummy_8           |Net: dummy_13                              
  nfet_03v3/proxybulk = 1                  |  nfet_03v3/proxy4 = 1                     
                                           |                                           
Net: nfet_03v3_CTT5VY:M2/dummy_7           |Net: dummy_16                              
  nfet_03v3/proxysource = 1                |  nfet_03v3/proxy3 = 1                     
                                           |                                           
Net: nfet_03v3_CTT5VY:M1/dummy_7           |Net: dummy_12                              
  nfet_03v3/proxysource = 1                |  nfet_03v3/proxy3 = 1                     
                                           |                                           
Net: nfet_03v3_CTT5VY:M2/dummy_6           |Net: dummy_15                              
  nfet_03v3/proxygate = 1                  |  nfet_03v3/proxy2 = 1                     
                                           |                                           
Net: nfet_03v3_CTT5VY:M1/dummy_6           |Net: dummy_11                              
  nfet_03v3/proxygate = 1                  |  nfet_03v3/proxy2 = 1                     
                                           |                                           
Net: nfet_03v3_CTT5VY:M2/dummy_5           |Net: dummy_14                              
  nfet_03v3/proxydrain = 1                 |  nfet_03v3/proxy1 = 1                     
                                           |                                           
Net: nfet_03v3_CTT5VY:M1/dummy_5           |Net: dummy_10                              
  nfet_03v3/proxydrain = 1                 |  nfet_03v3/proxy1 = 1                     
                                           |                                           
Net: vin2                                  |Net: vin2                                  
  nfet_03v3/2 = 1                          |  nfet_03v3/gate = 1                       
                                           |                                           
Net: vin1                                  |Net: vin1                                  
  nfet_03v3/2 = 1                          |  nfet_03v3/gate = 1                       
---------------------------------------------------------------------------------------
DEVICE mismatches: Class fragments follow (with node fanout counts):
Circuit 1: opamp                           |Circuit 2: opamp                           

---------------------------------------------------------------------------------------
Instance: pfet_03v3_9TRV9F:M9/pfet_03v3:0  |Instance: pfet_03v3:9                      
  (1,3) = (8,6)                            |  proxy1 = 1                               
  2 = 6                                    |  proxy2 = 1                               
  4 = 8                                    |  proxy3 = 1                               
  proxydrain = 1                           |  proxy4 = 1                               
  proxygate = 1                            |  (drain,source) = (8,6)                   
  proxysource = 1                          |  gate = 6                                 
  proxybulk = 1                            |  bulk = 8                                 
                                           |                                           
Instance: pfet_03v3_U949MW:M6/pfet_03v3:0  |Instance: pfet_03v3:6                      
  (1,3) = (8,3)                            |  proxy1 = 1                               
  2 = 4                                    |  proxy2 = 1                               
  4 = 8                                    |  proxy3 = 1                               
  proxydrain = 1                           |  proxy4 = 1                               
  proxygate = 1                            |  (drain,source) = (8,3)                   
  proxysource = 1                          |  gate = 4                                 
  proxybulk = 1                            |  bulk = 8                                 
                                           |                                           
Instance: pfet_03v3_5MDBD5:M4/pfet_03v3:0  |Instance: pfet_03v3:4                      
  (1,3) = (8,4)                            |  proxy1 = 1                               
  2 = 4                                    |  proxy2 = 1                               
  4 = 8                                    |  proxy3 = 1                               
  proxydrain = 1                           |  proxy4 = 1                               
  proxygate = 1                            |  (drain,source) = (8,4)                   
  proxysource = 1                          |  gate = 4                                 
  proxybulk = 1                            |  bulk = 8                                 
                                           |                                           
Instance: pfet_03v3_5MDBD5:M3/pfet_03v3:0  |Instance: pfet_03v3:3                      
  (1,3) = (8,4)                            |  proxy1 = 1                               
  2 = 4                                    |  proxy2 = 1                               
  4 = 8                                    |  proxy3 = 1                               
  proxydrain = 1                           |  proxy4 = 1                               
  proxygate = 1                            |  (drain,source) = (8,4)                   
  proxysource = 1                          |  gate = 4                                 
  proxybulk = 1                            |  bulk = 8                                 
---------------------------------------------------------------------------------------

---------------------------------------------------------------------------------------
Instance: nfet_03v3_JWTLTL:M8/nfet_03v3:0  |Instance: nfet_03v3:8                      
  (1,3) = (8,6)                            |  proxy1 = 1                               
  2 = 6                                    |  proxy2 = 1                               
  4 = 8                                    |  proxy3 = 1                               
  proxydrain = 1                           |  proxy4 = 1                               
  proxygate = 1                            |  (drain,source) = (8,6)                   
  proxysource = 1                          |  gate = 6                                 
  proxybulk = 1                            |  bulk = 8                                 
                                           |                                           
Instance: nfet_03v3_HVW9XU:M7/nfet_03v3:0  |Instance: nfet_03v3:7                      
  (1,3) = (8,3)                            |  proxy1 = 1                               
  2 = 6                                    |  proxy2 = 1                               
  4 = 8                                    |  proxy3 = 1                               
  proxydrain = 1                           |  proxy4 = 1                               
  proxygate = 1                            |  (drain,source) = (8,3)                   
  proxysource = 1                          |  gate = 6                                 
  proxybulk = 1                            |  bulk = 8                                 
                                           |                                           
Instance: nfet_03v3_JWTLTL:M5/nfet_03v3:0  |Instance: nfet_03v3:5                      
  (1,3) = (8,3)                            |  proxy1 = 1                               
  2 = 6                                    |  proxy2 = 1                               
  4 = 8                                    |  proxy3 = 1                               
  proxydrain = 1                           |  proxy4 = 1                               
  proxygate = 1                            |  (drain,source) = (8,3)                   
  proxysource = 1                          |  gate = 6                                 
  proxybulk = 1                            |  bulk = 8                                 
                                           |                                           
Instance: nfet_03v3_CTT5VY:M2/nfet_03v3:0  |Instance: nfet_03v3:2                      
  (1,3) = (4,3)                            |  proxy1 = 1                               
  2 = 1                                    |  proxy2 = 1                               
  4 = 8                                    |  proxy3 = 1                               
  proxydrain = 1                           |  proxy4 = 1                               
  proxygate = 1                            |  (drain,source) = (4,3)                   
  proxysource = 1                          |  gate = 1                                 
  proxybulk = 1                            |  bulk = 8                                 
                                           |                                           
Instance: nfet_03v3_CTT5VY:M1/nfet_03v3:0  |Instance: nfet_03v3:1                      
  (1,3) = (4,3)                            |  proxy1 = 1                               
  2 = 1                                    |  proxy2 = 1                               
  4 = 8                                    |  proxy3 = 1                               
  proxydrain = 1                           |  proxy4 = 1                               
  proxygate = 1                            |  (drain,source) = (4,3)                   
  proxysource = 1                          |  gate = 1                                 
  proxybulk = 1                            |  bulk = 8                                 
---------------------------------------------------------------------------------------
Netlists do not match.
Port matching may fail to disambiguate symmetries.

Subcircuit pins:
Circuit 1: opamp                           |Circuit 2: opamp                           
-------------------------------------------|-------------------------------------------
avdd                                       |avdd                                       
avss                                       |avss                                       
vout                                       |vout                                       
vin2                                       |vin2                                       
vin1                                       |vin1                                       
---------------------------------------------------------------------------------------
Cell pin lists are equivalent.
Device classes opamp and opamp are equivalent.

Final result: Netlists do not match.
Port matching may fail to disambiguate symmetries.
