layer_output
----------------------------------------
This layer can't abut or partially overlap between subcells
----------------------------------------
 80.000um 69.770um 95.360um 70.050um
 80.000um 69.770um 95.360um 70.050um
 80.000um 69.770um 95.360um 70.050um
 80.000um 69.770um 95.360um 70.050um
 80.000um 69.770um 95.360um 70.050um
 80.000um 69.770um 95.360um 70.050um
 80.000um 69.770um 95.360um 70.050um
 80.000um 69.770um 95.360um 70.050um
 80.000um 69.770um 95.360um 70.050um
 80.000um 69.770um 95.360um 70.050um
 80.000um 69.770um 95.360um 70.050um
 80.000um 69.770um 95.360um 70.050um
 80.000um 69.770um 95.360um 70.050um
 80.000um 69.770um 95.360um 70.050um
 80.000um 69.770um 95.360um 70.050um
 80.000um 69.770um 95.360um 70.050um
 80.000um 69.770um 95.360um 70.050um
 80.000um 69.770um 95.360um 70.050um
 80.000um 69.770um 95.360um 70.050um
 80.000um 69.770um 95.360um 70.050um
 80.000um 69.770um 95.360um 70.050um
 80.000um 69.770um 95.360um 70.050um
 80.000um 69.770um 95.360um 70.050um
 80.000um 69.770um 95.360um 70.050um
 80.000um 69.770um 95.360um 70.050um
 80.000um 69.770um 95.360um 70.050um
 80.000um 69.770um 95.360um 70.050um
 80.000um 69.770um 95.360um 70.050um
 80.000um 69.770um 95.360um 70.050um
 80.000um 69.770um 95.360um 70.050um
 80.000um 69.770um 95.360um 70.050um
 80.000um 69.770um 95.360um 70.050um
 80.000um 69.770um 95.360um 70.050um
 80.000um 69.770um 95.360um 70.050um
 80.000um 69.770um 95.360um 70.050um
 80.000um 69.770um 95.360um 70.050um
 80.000um 69.770um 95.360um 70.050um
 80.000um 69.770um 95.360um 70.050um
 80.000um 69.770um 95.360um 70.050um
 80.000um 69.770um 95.360um 70.050um
 80.000um 69.770um 95.360um 70.050um
 80.000um 69.770um 95.360um 70.050um
 80.000um 69.770um 95.360um 70.050um
 80.000um 69.770um 95.360um 70.050um
 80.000um 69.770um 95.360um 70.050um
 80.000um 69.770um 95.360um 70.050um
 80.000um 69.770um 95.360um 70.050um
 80.000um 69.770um 95.360um 70.050um
 80.000um 69.770um 95.360um 70.050um
 80.000um 69.770um 95.360um 70.050um
 80.000um 69.770um 95.360um 70.050um
 80.000um 69.770um 95.360um 70.050um
 80.000um 69.770um 95.360um 70.050um
 80.000um 69.770um 95.360um 70.050um
 80.000um 69.770um 95.360um 70.050um
 80.000um 69.770um 95.360um 70.050um
 80.000um 69.770um 95.360um 70.050um
 80.000um 69.770um 95.360um 70.050um
 80.000um 69.770um 95.360um 70.050um
 80.000um 69.770um 95.360um 70.050um
 80.000um 69.770um 95.360um 70.050um
 80.000um 69.770um 95.360um 70.050um
 80.000um 69.770um 95.360um 70.050um
 80.000um 69.770um 95.360um 70.050um
 80.000um 69.770um 95.360um 70.050um
 80.000um 69.770um 95.360um 70.050um
 80.000um 69.770um 95.360um 70.050um
 80.000um 69.770um 95.360um 70.050um
 80.000um 69.770um 95.360um 70.050um
 80.000um 69.770um 95.360um 70.050um
 80.000um 69.770um 95.360um 70.050um
 80.000um 69.770um 95.360um 70.050um
 80.000um 69.770um 95.360um 70.050um
 80.000um 69.770um 95.360um 70.050um
 80.000um 69.770um 95.360um 70.050um
 80.000um 69.770um 95.360um 70.050um
 229.480um 69.770um 240.000um 70.050um
 229.480um 69.770um 240.000um 70.050um
 229.480um 69.770um 240.000um 70.050um
 229.480um 69.770um 240.000um 70.050um
 229.480um 69.770um 240.000um 70.050um
 229.480um 69.770um 240.000um 70.050um
 229.480um 69.770um 240.000um 70.050um
 229.480um 69.770um 240.000um 70.050um
 229.480um 69.770um 240.000um 70.050um
 229.480um 69.770um 240.000um 70.050um
 229.480um 69.770um 240.000um 70.050um
 229.480um 69.770um 240.000um 70.050um
 229.480um 69.770um 240.000um 70.050um
 229.480um 69.770um 240.000um 70.050um
 229.480um 69.770um 240.000um 70.050um
 229.480um 69.770um 240.000um 70.050um
 229.480um 69.770um 240.000um 70.050um
 229.480um 69.770um 240.000um 70.050um
 229.480um 69.770um 240.000um 70.050um
 229.480um 69.770um 240.000um 70.050um
 229.480um 69.770um 240.000um 70.050um
 229.480um 69.770um 240.000um 70.050um
 229.480um 69.770um 240.000um 70.050um
 229.480um 69.770um 240.000um 70.050um
 229.480um 69.770um 240.000um 70.050um
 229.480um 69.770um 240.000um 70.050um
 229.480um 69.770um 240.000um 70.050um
 229.480um 69.770um 240.000um 70.050um
 229.480um 69.770um 240.000um 70.050um
 229.480um 69.770um 240.000um 70.050um
 229.480um 69.770um 240.000um 70.050um
 229.480um 69.770um 240.000um 70.050um
 229.480um 69.770um 240.000um 70.050um
 229.480um 69.770um 240.000um 70.050um
 229.480um 69.770um 240.000um 70.050um
 229.480um 69.770um 240.000um 70.050um
 229.480um 69.770um 240.000um 70.050um
 229.480um 69.770um 240.000um 70.050um
 229.480um 69.770um 240.000um 70.050um
 229.480um 69.770um 240.000um 70.050um
 229.480um 69.770um 240.000um 70.050um
 229.480um 69.770um 240.000um 70.050um
 229.480um 69.770um 240.000um 70.050um
 229.480um 69.770um 240.000um 70.050um
 229.480um 69.770um 240.000um 70.050um
 229.480um 69.770um 240.000um 70.050um
 229.480um 69.770um 240.000um 70.050um
 229.480um 69.770um 240.000um 70.050um
 229.480um 69.770um 240.000um 70.050um
 229.480um 69.770um 240.000um 70.050um
 229.480um 69.770um 240.000um 70.050um
 229.480um 69.770um 240.000um 70.050um
 240.000um 69.770um 245.360um 70.050um
 240.000um 69.770um 245.360um 70.050um
 240.000um 69.770um 245.360um 70.050um
 240.000um 69.770um 245.360um 70.050um
 240.000um 69.770um 245.360um 70.050um
 240.000um 69.770um 245.360um 70.050um
 240.000um 69.770um 245.360um 70.050um
 240.000um 69.770um 245.360um 70.050um
 240.000um 69.770um 245.360um 70.050um
 240.000um 69.770um 245.360um 70.050um
 240.000um 69.770um 245.360um 70.050um
 240.000um 69.770um 245.360um 70.050um
 240.000um 69.770um 245.360um 70.050um
 240.000um 69.770um 245.360um 70.050um
 240.000um 69.770um 245.360um 70.050um
 240.000um 69.770um 245.360um 70.050um
 240.000um 69.770um 245.360um 70.050um
 240.000um 69.770um 245.360um 70.050um
 240.000um 69.770um 245.360um 70.050um
 240.000um 69.770um 245.360um 70.050um
 240.000um 69.770um 245.360um 70.050um
 240.000um 69.770um 245.360um 70.050um
 240.000um 69.770um 245.360um 70.050um
 240.000um 69.770um 245.360um 70.050um
----------------------------------------
MiM cap to Metal4 spacing < 240 (MIMTM.1)
----------------------------------------
 94.700um 72.320um 94.920um 72.600um
 94.700um 71.800um 94.920um 72.320um
 94.700um 71.740um 94.920um 71.800um
 94.700um 72.320um 94.920um 72.600um
 94.700um 71.800um 94.920um 72.320um
 94.700um 71.690um 94.920um 71.800um
 94.700um 71.520um 94.920um 71.690um
 94.700um 71.410um 94.920um 71.520um
 94.700um 70.760um 94.920um 71.410um
----------------------------------------
MiM bottom plate surrounds contact < 0.4um (MIMTM.2)
----------------------------------------
 79.270um 69.380um 79.320um 70.440um
 95.520um 69.380um 95.550um 70.440um
 229.290um 69.380um 229.320um 70.440um
----------------------------------------
Via4 spacing < 48 (V4.2a - 2 * V4.4)
----------------------------------------
 59.430um 99.540um 59.640um 99.550um
 59.360um 99.540um 59.570um 99.550um
 59.430um 99.540um 59.640um 99.550um
 59.360um 99.540um 59.570um 99.550um
 119.930um 99.540um 120.140um 99.550um
 119.860um 99.540um 120.070um 99.550um
 209.430um 99.540um 209.640um 99.550um
 209.360um 99.540um 209.570um 99.550um
 119.930um 99.540um 120.140um 99.550um
 119.860um 99.540um 120.070um 99.550um
 209.430um 99.540um 209.640um 99.550um
 209.360um 99.540um 209.570um 99.550um
 269.930um 99.540um 270.140um 99.550um
 269.860um 99.540um 270.070um 99.550um
 269.930um 99.540um 270.140um 99.550um
 269.860um 99.540um 270.070um 99.550um
----------------------------------------
MiM bottom plate to unrelated metal < 1.2um (MIMTM.1)
----------------------------------------
 95.900um 71.690um 96.180um 71.740um
 95.900um 68.060um 96.180um 71.410um
----------------------------------------
[INFO] COUNT: 182
[INFO] Should be divided by 3 or 4

